../Core/Src/main.c:111:6:Dht11_Task	16	static
../Core/Src/main.c:138:6:St7735_Task	40	static
../Core/Src/main.c:166:6:Esp_8266_Task	32	static
../Core/Src/main.c:187:6:ADC_Task	16	static
../Core/Src/main.c:216:5:main	16	static
../Core/Src/main.c:312:6:SystemClock_Config	88	static
../Core/Src/main.c:359:13:MX_ADC1_Init	24	static
../Core/Src/main.c:411:13:MX_SPI1_Init	8	static
../Core/Src/main.c:449:13:MX_TIM1_Init	32	static
../Core/Src/main.c:495:13:MX_TIM2_Init	32	static
../Core/Src/main.c:540:13:MX_USART1_UART_Init	8	static
../Core/Src/main.c:571:13:MX_DMA_Init	16	static
../Core/Src/main.c:589:13:MX_GPIO_Init	48	static
../Core/Src/main.c:626:6:LCD_Init	24	static
../Core/Src/main.c:634:6:Get_Temp	16	static
../Core/Src/main.c:666:6:slice	24	static
../Core/Src/main.c:669:6:HAL_UART_RxHalfCpltCallback	16	static
../Core/Src/main.c:673:6:HAL_UART_RxCpltCallback	16	static
../Core/Src/main.c:686:6:StartDefaultTask	16	static
../Core/Src/main.c:705:6:HAL_TIM_PeriodElapsedCallback	16	static
../Core/Src/main.c:722:6:Error_Handler	4	static,ignoring_inline_asm
